// Jest Snapshot v1, https://goo.gl/fbAQLP

exports[`cli-tag-logger should provide styling tags 1`] = `
Object {
  "bgBlack": [Function],
  "bgBlackBright": [Function],
  "bgBlue": [Function],
  "bgBlueBright": [Function],
  "bgCyan": [Function],
  "bgCyanBright": [Function],
  "bgGreen": [Function],
  "bgGreenBright": [Function],
  "bgMagenta": [Function],
  "bgMagentaBright": [Function],
  "bgRed": [Function],
  "bgRedBright": [Function],
  "bgWhite": [Function],
  "bgWhiteBright": [Function],
  "bgYellow": [Function],
  "bgYellowBright": [Function],
  "black": [Function],
  "blackBright": [Function],
  "blue": [Function],
  "blueBright": [Function],
  "bold": [Function],
  "cyan": [Function],
  "cyanBright": [Function],
  "dim": [Function],
  "gray": [Function],
  "green": [Function],
  "greenBright": [Function],
  "hidden": [Function],
  "inverse": [Function],
  "italic": [Function],
  "magenta": [Function],
  "magentaBright": [Function],
  "red": [Function],
  "redBright": [Function],
  "reset": [Function],
  "strikethrough": [Function],
  "underline": [Function],
  "white": [Function],
  "whiteBright": [Function],
  "yellow": [Function],
  "yellowBright": [Function],
}
`;
